
> virtius-4.0@0.1.0 build
> next build

  Γû▓ Next.js 14.2.18

   Creating an optimized production build ...
node.exe : Failed to 
compile.
At line:1 char:1
+ & "C:\Program 
Files\nodejs/node.exe" 
"C:\Program 
Files\nodejs/node_mo ...
+ ~~~~~~~~~~~~~~~~~~~~~~~~
~~~~~~~~~~~~~~~~~~~~~~~~~~
~~~~~~~~~~~~~~~~~~~
    + CategoryInfo        
      : NotSpecified: (F  
  ailed to compile.:Str   
 ing) [], RemoteExcept    
ion
    + FullyQualifiedError 
   Id : NativeCommandErr  
  or
 

./lib/auth.ts
Module not found: Can't 
resolve '@next-auth/prisma
-adapter'

https://nextjs.org/docs/me
ssages/module-not-found

Import trace for 
requested module:
./app/dashboard/page.tsx


> Build failed because of 
webpack errors
